{"timestamp": 1776713234.5296562, "level": "INFO", "name": "__main__", "message": "============================================================", "logger": "__main__", "module": "pipeline", "function": "voiceintent_pipeline", "line": 177}
{"timestamp": 1776713234.529876, "level": "INFO", "name": "__main__", "message": "VoiceIntent Pipeline Started", "logger": "__main__", "module": "pipeline", "function": "voiceintent_pipeline", "line": 178}
{"timestamp": 1776713234.5299451, "level": "INFO", "name": "__main__", "message": "============================================================", "logger": "__main__", "module": "pipeline", "function": "voiceintent_pipeline", "line": 179}
{"timestamp": 1776713234.538771, "level": "INFO", "name": "__main__", "message": "Starting data ingestion task", "logger": "__main__", "module": "pipeline", "function": "ingest_task", "line": 32}
{"timestamp": 1776713234.9982169, "level": "INFO", "name": "__main__", "message": "Data ingestion completed successfully", "logger": "__main__", "module": "pipeline", "function": "ingest_task", "line": 36}
{"timestamp": 1776713235.003123, "level": "INFO", "name": "__main__", "message": "Starting audio synthesis task", "logger": "__main__", "module": "pipeline", "function": "synthesize_task", "line": 48}
{"timestamp": 1776713235.4959831, "level": "INFO", "name": "__main__", "message": "Audio synthesis completed successfully", "logger": "__main__", "module": "pipeline", "function": "synthesize_task", "line": 52}
{"timestamp": 1776713235.498522, "level": "INFO", "name": "__main__", "message": "Starting metadata storage task", "logger": "__main__", "module": "pipeline", "function": "store_metadata_task", "line": 64}
{"timestamp": 1776713240.090415, "level": "INFO", "name": "__main__", "message": "Metadata storage completed successfully", "logger": "__main__", "module": "pipeline", "function": "store_metadata_task", "line": 68}
{"timestamp": 1776713240.0920231, "level": "INFO", "name": "__main__", "message": "Starting transcription task", "logger": "__main__", "module": "pipeline", "function": "transcribe_task", "line": 80}
{"timestamp": 1776713240.0953338, "level": "INFO", "name": "__main__", "message": "Transcription completed successfully", "logger": "__main__", "module": "pipeline", "function": "transcribe_task", "line": 84}
{"timestamp": 1776713240.098687, "level": "INFO", "name": "__main__", "message": "Starting transcript cleaning task", "logger": "__main__", "module": "pipeline", "function": "clean_task", "line": 96}
{"timestamp": 1776713240.101147, "level": "INFO", "name": "__main__", "message": "Transcript cleaning completed successfully", "logger": "__main__", "module": "pipeline", "function": "clean_task", "line": 100}
{"timestamp": 1776713240.103179, "level": "INFO", "name": "__main__", "message": "Starting validation task", "logger": "__main__", "module": "pipeline", "function": "validate_task", "line": 112}
{"timestamp": 1776713240.105525, "level": "INFO", "name": "__main__", "message": "Validation completed successfully", "logger": "__main__", "module": "pipeline", "function": "validate_task", "line": 116}
{"timestamp": 1776713240.1077278, "level": "INFO", "name": "__main__", "message": "Starting data preparation task", "logger": "__main__", "module": "pipeline", "function": "prepare_data_task", "line": 128}
{"timestamp": 1776713240.111469, "level": "INFO", "name": "__main__", "message": "Data preparation completed successfully", "logger": "__main__", "module": "pipeline", "function": "prepare_data_task", "line": 132}
{"timestamp": 1776713240.1146162, "level": "INFO", "name": "__main__", "message": "Starting model training task", "logger": "__main__", "module": "pipeline", "function": "train_task", "line": 143}
{"timestamp": 1776713240.1169221, "level": "INFO", "name": "__main__", "message": "Model training completed successfully", "logger": "__main__", "module": "pipeline", "function": "train_task", "line": 147}
{"timestamp": 1776713240.119246, "level": "INFO", "name": "__main__", "message": "Starting model evaluation task", "logger": "__main__", "module": "pipeline", "function": "evaluate_task", "line": 159}
{"timestamp": 1776713240.1212502, "level": "INFO", "name": "__main__", "message": "Model evaluation completed successfully", "logger": "__main__", "module": "pipeline", "function": "evaluate_task", "line": 163}
{"timestamp": 1776713240.1221912, "level": "INFO", "name": "__main__", "message": "============================================================", "logger": "__main__", "module": "pipeline", "function": "voiceintent_pipeline", "line": 208}
{"timestamp": 1776713240.122533, "level": "INFO", "name": "__main__", "message": "VoiceIntent Pipeline Completed Successfully", "logger": "__main__", "module": "pipeline", "function": "voiceintent_pipeline", "line": 209}
{"timestamp": 1776713240.1226618, "level": "INFO", "name": "__main__", "message": "============================================================", "logger": "__main__", "module": "pipeline", "function": "voiceintent_pipeline", "line": 210}
{"timestamp": 1776713374.698116, "level": "INFO", "name": "serving.api", "message": "FastAPI application starting up...", "logger": "serving.api", "module": "api", "function": "startup_event", "line": 82}
{"timestamp": 1776713374.698411, "level": "INFO", "name": "serving.api", "message": "Loading Whisper model...", "logger": "serving.api", "module": "api", "function": "load_models", "line": 57}
{"timestamp": 1776713374.6984708, "level": "ERROR", "name": "serving.api", "message": "Error loading models: module 'whisper' has no attribute 'load_model'", "exc_info": "Traceback (most recent call last):\n  File \"/Users/ibrahim.noor/Downloads/s/ai620-project/ai-voice-assistant/serving/api.py\", line 58, in load_models\n    WHISPER_MODEL = whisper.load_model(\"base\")\n                    ^^^^^^^^^^^^^^^^^^\nAttributeError: module 'whisper' has no attribute 'load_model'", "logger": "serving.api", "module": "api", "function": "load_models", "line": 76}
{"timestamp": 1776713374.7008798, "level": "INFO", "name": "serving.api", "message": "FastAPI application ready", "logger": "serving.api", "module": "api", "function": "startup_event", "line": 84}
{"timestamp": 1776713388.362805, "level": "INFO", "name": "serving.api", "message": "HTTP Request", "method": "GET", "path": "/health", "status_code": 200, "latency_ms": 66.52, "logger": "serving.api", "module": "api", "function": "log_requests", "line": 94}
{"timestamp": 1776713422.836899, "level": "INFO", "name": "serving.api", "message": "HTTP Request", "method": "GET", "path": "/metrics", "status_code": 200, "latency_ms": 44.86, "logger": "serving.api", "module": "api", "function": "log_requests", "line": 94}
{"timestamp": 1776713428.441542, "level": "INFO", "name": "serving.api", "message": "HTTP Request", "method": "GET", "path": "/pipeline/status", "status_code": 200, "latency_ms": 2.21, "logger": "serving.api", "module": "api", "function": "log_requests", "line": 94}
{"timestamp": 1776713601.7754939, "level": "INFO", "name": "serving.api", "message": "FastAPI application starting up...", "logger": "serving.api", "module": "api", "function": "startup_event", "line": 82}
{"timestamp": 1776713601.775744, "level": "INFO", "name": "serving.api", "message": "Loading Whisper model...", "logger": "serving.api", "module": "api", "function": "load_models", "line": 57}
{"timestamp": 1776713655.113824, "level": "WARNING", "name": "serving.api", "message": "No trained model found. /predict will not work until model is trained.", "logger": "serving.api", "module": "api", "function": "load_models", "line": 73}
{"timestamp": 1776713655.114044, "level": "INFO", "name": "serving.api", "message": "FastAPI application ready", "logger": "serving.api", "module": "api", "function": "startup_event", "line": 84}
{"timestamp": 1776713710.770931, "level": "INFO", "name": "serving.api", "message": "HTTP Request", "method": "GET", "path": "/health", "status_code": 200, "latency_ms": 54.46, "logger": "serving.api", "module": "api", "function": "log_requests", "line": 94}
{"timestamp": 1776713841.9822562, "level": "INFO", "name": "serving.api", "message": "HTTP Request", "method": "GET", "path": "/metrics", "status_code": 200, "latency_ms": 27.81, "logger": "serving.api", "module": "api", "function": "log_requests", "line": 94}
{"timestamp": 1776713842.004242, "level": "INFO", "name": "serving.api", "message": "HTTP Request", "method": "GET", "path": "/pipeline/status", "status_code": 200, "latency_ms": 1.92, "logger": "serving.api", "module": "api", "function": "log_requests", "line": 94}
{"timestamp": 1776713842.096765, "level": "INFO", "name": "serving.api", "message": "HTTP Request", "method": "GET", "path": "/health", "status_code": 200, "latency_ms": 4.76, "logger": "serving.api", "module": "api", "function": "log_requests", "line": 94}
{"timestamp": 1776720641.4130998, "level": "INFO", "name": "serving.api", "message": "FastAPI application starting up...", "logger": "serving.api", "module": "api", "function": "startup_event", "line": 82}
{"timestamp": 1776720641.4137905, "level": "INFO", "name": "serving.api", "message": "Loading Whisper model...", "logger": "serving.api", "module": "api", "function": "load_models", "line": 57}
{"timestamp": 1776720697.154249, "level": "WARNING", "name": "serving.api", "message": "No trained model found. /predict will not work until model is trained.", "logger": "serving.api", "module": "api", "function": "load_models", "line": 73}
{"timestamp": 1776720697.1554477, "level": "INFO", "name": "serving.api", "message": "FastAPI application ready", "logger": "serving.api", "module": "api", "function": "startup_event", "line": 84}
{"timestamp": 1776720767.6548264, "level": "ERROR", "name": "serving.api", "message": "Database health check failed: (psycopg2.OperationalError) connection to server at \"localhost\" (::1), port 5432 failed: Connection refused\n\tIs the server running on that host and accepting TCP/IP connections?\nconnection to server at \"localhost\" (127.0.0.1), port 5432 failed: Connection refused\n\tIs the server running on that host and accepting TCP/IP connections?\n\n(Background on this error at: https://sqlalche.me/e/20/e3q8)", "logger": "serving.api", "module": "api", "function": "health_check", "line": 270}
{"timestamp": 1776720767.6576705, "level": "INFO", "name": "serving.api", "message": "HTTP Request", "method": "GET", "path": "/health", "status_code": 200, "latency_ms": 36.7, "logger": "serving.api", "module": "api", "function": "log_requests", "line": 94}
